helllo world > l
total 12K
drwxr-xr-x 3 som som 4.0K Jan 13 07:48 .
drwxr-xr-x 5 som som 4.0K Jan 13 07:44 ..
drwxr-xr-x 8 som som 4.0K Jan 13 08:09 .git
-rw-r--r-- 1 som som    0 Jan 13 07:48 hello.txt
> ls
hello.txt
> git branch
> git checkout -b second
Switched to a new branch 'second'
> git branch
> git checkout main
Switched to branch 'main'
> git branch -d second
Deleted branch second (was a67444e).
> git branch -d second
error: branch 'second' not found
> git checkout -b second
Switched to a new branch 'second'
> ls
hello.txt
> nano hello.txt
> cat hello.txt
> cat hello.txt\ m-a
hello world
> lx
zsh: command not found: lx
> ls
 hello.txt  'hello.txt m-a'
> rm hello.txt\ m-a
> ls
hello.txt
> nano hello.txt
> cat hello.txt
helllo world 

> git add .
> 
> git push origin second
Total 0 (delta 0), reused 0 (delta 0), pack-reused 0
remote: 
remote: Create a pull request for 'second' on GitHub by visiting:
remote:      https://github.com/Gajinder5704/PROJECT-3/pull/new/second
remote: 
To github.com:Gajinder5704/PROJECT-3.git
 * [new branch]      second -> second
> git commit -m "First commit"
[second 869412e] First commit
 1 file changed, 2 insertions(+)
> git push origin second
Enumerating objects: 5, done.
Counting objects: 100% (5/5), done.
Writing objects: 100% (3/3), 262 bytes | 262.00 KiB/s, done.
Total 3 (delta 0), reused 0 (delta 0), pack-reused 0
To github.com:Gajinder5704/PROJECT-3.git
   a67444e..869412e  second -> second
> git push origin main
Everything up-to-date
> git diff main
> git merge main
Already up to date.
> ls
hello.txt
> cat hello.txt
helllo world 

> git add .
> git status
On branch second
nothing to commit, working tree clean
> git merge main
Already up to date.
> git switch main
Switched to branch 'main'
> git merge second
Updating a67444e..869412e
Fast-forward
 hello.txt | 2 ++
 1 file changed, 2 insertions(+)
> git push origin main
Total 0 (delta 0), reused 0 (delta 0), pack-reused 0
To github.com:Gajinder5704/PROJECT-3.git
   a67444e..869412e  main -> main

